// Jest Snapshot v1, https://goo.gl/fbAQLP

exports[`CommentsFeed component:  should render match snapshot 1`] = `
<Provider
  store={
    Object {
      "clearActions": [Function],
      "dispatch": [Function],
      "getActions": [Function],
      "getState": [Function],
      "replaceReducer": [Function],
      "subscribe": [Function],
    }
  }
>
  <Connect(WithLoading)>
    <WithLoading
      addComment={[Function]}
      comments={
        Object {
          "data": Array [],
          "isLoading": false,
        }
      }
      fetchComments={[Function]}
      isLoading={false}
      user={
        Object {
          "avatar": Object {},
          "name": "Adam",
        }
      }
    >
      <CommentsFeed
        addComment={[Function]}
        comments={
          Object {
            "data": Array [],
            "isLoading": false,
          }
        }
        fetchComments={[Function]}
        user={
          Object {
            "avatar": Object {},
            "name": "Adam",
          }
        }
      >
        <Accordion
          heading={
            Object {
              "off": "Show comments (0)",
              "on": "Hide comments (0)",
            }
          }
        >
          <div
            className="Accordion"
          >
            <a
              className="Accordion__heading"
              onClick={[Function]}
            >
              Hide comments (0)
            </a>
            <div
              className="Accordion__body Accordion__body--visible"
            >
              <CommentsList
                comments={Array []}
              >
                <p
                  className="CommentsList__message"
                >
                  No comments...
                </p>
              </CommentsList>
            </div>
          </div>
        </Accordion>
        <MessageInput
          id="commentForm"
          onChange={[Function]}
          onSubmit={[Function]}
          placeholder="Add a comment..."
          value=""
        >
          <form
            className="MessageInput"
            onSubmit={[Function]}
          >
            <input
              className="MessageInput__input"
              id="commentForm"
              onChange={[Function]}
              placeholder="Add a comment..."
              value=""
            />
          </form>
        </MessageInput>
      </CommentsFeed>
    </WithLoading>
  </Connect(WithLoading)>
</Provider>
`;
