// Jest Snapshot v1, https://goo.gl/fbAQLP

exports[`UserCard component:  should render match snapshot 1`] = `
<div
  className="UserCard"
>
  <div
    className="UserCard__avatar"
  >
    <Avatar
      avatar={
        Object {
          "large": "https://randomuser.me/api/portraits/men/65.jpg",
          "regular": "https://randomuser.me/api/portraits/med/men/65.jpg",
          "small": "https://randomuser.me/api/portraits/thumb/men/65.jpg",
        }
      }
      name="Random User"
    />
  </div>
  <div
    className="UserCard__details"
  >
    <div
      className="details"
    >
      <h1
        className="details__name"
      >
        Random User
         
        <Icon
          color="gray"
          name="heart"
          onClick={[Function]}
          type="far"
        />
      </h1>
      <p
        className="details__location"
      >
        New York, USA
      </p>
    </div>
  </div>
</div>
`;
