// Jest Snapshot v1, https://goo.gl/fbAQLP

exports[`Icon component:  should render match snapshot 1`] = `
<span
  className="Icon Icon--orange"
  onClick={[MockFunction]}
>
  <FontAwesomeIcon
    border={false}
    className=""
    fixedWidth={false}
    flip={null}
    icon={
      Array [
        "far",
        "heart",
      ]
    }
    inverse={false}
    listItem={false}
    mask={null}
    pull={null}
    pulse={false}
    rotation={null}
    size={null}
    spin={false}
    symbol={false}
    title=""
    transform={null}
  />
</span>
`;
